../Core/Src/main.c:88:5:main	8	static
../Core/Src/main.c:145:6:SystemClock_Config	88	static
E:\STM32\STM32CubeIDE_1.16.1\STM32CubeIDE\plugins\com.st.stm32cube.ide.mcu.externaltools.gnu-tools-for-stm32.12.3.rel1.win32_1.0.200.202406191623\tools\bin/../lib/gcc/arm-none-eabi/12.3.1/../../../../arm-none-eabi/include/stdio.h:226:5:putchar	16	static
../Core/Src/main.c:196:6:StartDefaultTask	16	static
../Core/Src/main.c:214:13:Netif_Config	40	static
../Core/Src/main.c:307:6:HAL_TIM_PeriodElapsedCallback	16	static
../Core/Src/main.c:324:6:Error_Handler	4	static,ignoring_inline_asm
